[    0.000000] Booting Linux on physical CPU 0x100
[    0.000000] Initializing cgroup subsys cpuset
[    0.000000] Initializing cgroup subsys cpu
[    0.000000] Initializing cgroup subsys cpuacct
[    0.000000] Linux version 4.4.38 (root@tegra-ubuntu) (gcc version 5.4.0 20160609 (Ubuntu/Linaro 5.4.0-6ubuntu1~16.04.5) ) #1 SMP PREEMPT Thu Nov 23 14:03:01 +05 2017
[    0.000000] Boot CPU: AArch64 Processor [411fd073]
[    0.000000] earlycon: Early serial console at MMIO32 0x3100000 (options '')
[    0.000000] bootconsole [uart0] enabled
[    0.000000] Reserved memory: initialized node ramoops_carveout, compatible id nvidia,ramoops
[    0.000000] cma: Reserved 64 MiB at 0x00000000fc000000
[    0.000000] On node 0 totalpages: 2051072
[    0.000000]   DMA zone: 8192 pages used for memmap
[    0.000000]   DMA zone: 0 pages reserved
[    0.000000]   DMA zone: 519408 pages, LIFO batch:31
[    0.000000]   Normal zone: 23933 pages used for memmap
[    0.000000]   Normal zone: 1531664 pages, LIFO batch:31
[    0.000000] psci: probing for conduit method from DT.
[    0.000000] psci: PSCIv1.0 detected in firmware.
[    0.000000] psci: Using standard PSCI v0.2 function IDs
[    0.000000] psci: MIGRATE_INFO_TYPE not supported.
[    0.000000] PERCPU: Embedded 17 pages/cpu @ffffffc1f5cf3000 s31128 r8192 d30312 u69632
[    0.000000] pcpu-alloc: s31128 r8192 d30312 u69632 alloc=17*4096
[    0.000000] pcpu-alloc: [0] 0 [0] 1 [0] 2 [0] 3 [0] 4 [0] 5 
[    0.000000] Built 1 zonelists in Zone order, mobility grouping on.  Total pages: 2018947
[    0.000000] Kernel command line: root=/dev/mmcblk0p1 rw rootwait console=ttyS0,115200n8 console=tty0 OS=l4t fbcon=map:0 net.ifnames=0 memtype=0 video=tegrafb no_console_suspend=1 earlycon=uart8250,mmio32,0x03100000 nvdumper_reserved=0x2772e0000 gpt tegraid=18.1.2.0.0 tegra_keep_boot_clocks maxcpus=6 androidboot.serialno=0322717087289 bl_prof_dataptr=0x10000@0x277240000 sdhci_tegra.en_boot_part_access=1 root=/dev/mmcblk0p1 rw rootwait rootfstype=ext4
[    0.000000] PID hash table entries: 4096 (order: 3, 32768 bytes)
[    0.000000] Dentry cache hash table entries: 1048576 (order: 11, 8388608 bytes)
[    0.000000] Inode-cache hash table entries: 524288 (order: 10, 4194304 bytes)
[    0.000000] Memory: 7972456K/8204288K available (11064K kernel code, 1770K rwdata, 5628K rodata, 1144K init, 679K bss, 166296K reserved, 65536K cma-reserved)
[    0.000000] Virtual kernel memory layout:
                   vmalloc : 0xffffff8000000000 - 0xffffffbdbfff0000   (   246 GB)
                   vmemmap : 0xffffffbdc0000000 - 0xffffffbfc0000000   (     8 GB maximum)
                             0xffffffbdc2000000 - 0xffffffbdc9d7c400   (   125 MB actual)
                   fixed   : 0xffffffbffa7fd000 - 0xffffffbffac00000   (  4108 KB)
                   PCI I/O : 0xffffffbffae00000 - 0xffffffbffbe00000   (    16 MB)
                   modules : 0xffffffbffc000000 - 0xffffffc000000000   (    64 MB)
                   memory  : 0xffffffc000000000 - 0xffffffc1f5f10000   (  8031 MB)
                     .init : 0xffffffc0010ce000 - 0xffffffc0011ec000   (  1144 KB)
                     .text : 0xffffffc000080000 - 0xffffffc0010ce000   ( 16696 KB)
                     .data : 0xffffffc00120d000 - 0xffffffc0013c7a00   (  1771 KB)
[    0.000000] SLUB: HWalign=64, Order=0-3, MinObjects=0, CPUs=6, Nodes=1
[    0.000000] Preemptible hierarchical RCU implementation.
[    0.000000] 	Build-time adjustment of leaf fanout to 64.
[    0.000000] 	RCU restricting CPUs from NR_CPUS=64 to nr_cpu_ids=6.
[    0.000000] RCU: Adjusting geometry for rcu_fanout_leaf=64, nr_cpu_ids=6
[    0.000000] NR_IRQS:64 nr_irqs:64 0
[    0.000000] GIC: Using split EOI/Deactivate mode
[    0.000000] Architected cp15 timer(s) running at 31.25MHz (phys).
[    0.000000] clocksource: arch_sys_counter: mask: 0xffffffffffffff max_cycles: 0xe6a171046, max_idle_ns: 881590405314 ns
[    0.000002] sched_clock: 56 bits at 31MHz, resolution 32ns, wraps every 4398046511088ns
[    0.009230] Console: colour dummy device 80x25
[    0.013876] console [tty0] enabled
[    0.017427] bootconsole [uart0] disabled
[    0.021530] kmemleak: Kernel memory leak detector disabled
[    0.021541] Calibrating delay loop (skipped), value calculated using timer frequency.. 62.50 BogoMIPS (lpj=125000)
[    0.021551] pid_max: default: 32768 minimum: 301
[    0.021597] Security Framework initialized
[    0.021625] Mount-cache hash table entries: 16384 (order: 5, 131072 bytes)
[    0.021632] Mountpoint-cache hash table entries: 16384 (order: 5, 131072 bytes)
[    0.022003] Initializing cgroup subsys freezer
[    0.022014] Initializing cgroup subsys debug
[    0.022149] CPU0 ipc=752
[    0.022159] CPU1 ipc=1024
[    0.022166] CPU2 ipc=1024
[    0.022174] CPU3 ipc=752
[    0.022182] CPU4 ipc=752
[    0.022191] CPU5 ipc=752
[    0.022221] ASID allocator initialised with 65536 entries
[    0.045960] tegra-id: chipid=21817.
[    0.045971] tegra-id: opt_subrevision=1.
[    0.045978] Tegra Revision: A02p SKU: 0xdc CPU Process: 0 SoC Process: 0
[    0.047224] DTS File Name: /dvs/git/dirty/git-master_linux/kernel/kernel-4.4/arch/arm64/boot/dts/../../../../../../hardware/nvidia/platform/t18x/quill/kernel-dts/tegra186-quill-p3310-1000-c03-00-base.dts
[    0.047241] DTB Build time: Jul 20 2017 00:50:45
[    0.062832] CPU1: Booted secondary processor [4e0f0030]
[    0.074325] CPU2: Booted secondary processor [4e0f0030]
[    0.086041] CPU3: Booted secondary processor [411fd073]
[    0.098047] CPU4: Booted secondary processor [411fd073]
[    0.110050] CPU5: Booted secondary processor [411fd073]
[    0.110111] Brought up 6 CPUs
[    0.110160] SMP: Total of 6 processors activated.
[    0.110171] CPU: All CPU(s) started at EL2
[    0.110647] devtmpfs: initialized
[    0.137342] Initilizing CustomIPI irq domain
[    0.137542] clocksource: jiffies: mask: 0xffffffff max_cycles: 0xffffffff, max_idle_ns: 7645041785100000 ns
[    0.138380] pinctrl core: initialized pinctrl subsystem
[    0.138488] OS set in device tree is L4T.
[    0.138681] regulator-dummy: no parameters
[    0.138784] Initializing plugin-manager
[    0.138864] Plugin module not found
[    0.138990] node /plugin-manager/fragment-devslp@0 match with board >=3310-1000-200
[    0.139587] node /plugin-manager/fragment-e3326@0 match with board 3326-*
[    0.140981] node /plugin-manager/fragment-p3310-c00-comm match with board >=3310-1000-800
[    0.141149] node /plugin-manager/fragment-p3310-c00-pmic match with board >=3310-1000-800
[    0.141270] node /plugin-manager/fragment-500-pcie-config match with board >=3310-1000-500
[    0.141565] node /plugin-manager/fragement-pmon-p3310-1000-300 match with board >=3310-1000-300
[    0.141853] node /plugin-manager/fragement-pmon-p3310-1000-800 match with board >=3310-1000-800
[    0.142309] node /plugin-manager/fragement@0 match with odm-data enable-denver-wdt
[    0.142618] node /plugin-manager/fragement@4 match with odm-data enable-denver-wdt
[    0.143350] node /plugin-manager/fragment-p3310-c01 match with board >=3310-1000-900
[    0.143500] node /plugin-manager/fragment-p3310-c03 match with board >=3310-1000-B00
[    0.143846] node /plugin-manager/fragment-p3310-c00-camera match with board >=3310-1000-800
[    0.144174] node /plugin-manager/fragment-500-e3325-pcie match with board >=3310-1000-500
[    0.144282] node /plugin-manager/fragment-500-xusb-config match with board >=3310-1000-500
[    0.144522] node /plugin-manager/soc-prod-a02-fragment match with chip-id A02P
[    0.144648] node /plugin-manager/fragment-sdwake-p3310-1000-300 match with board >=3310-1000-300
[    0.147523] Adding domain adsp-pd to PM domain ape-pd
[    0.148585] NET: Registered protocol family 16
[    0.150226] console [pstore-1] enabled
[    0.150237] pstore: Registered ramoops as persistent store backend
[    0.150249] ramoops: attached 0x200000@0x96080000, ecc: 0/0
[    0.161607] cpuidle: using governor ladder
[    0.166039] cpuidle: using governor menu
[    0.166631] bpmp: waiting for handshake
[    0.166645] bpmp: handshake completed
[    0.166685] bpmp: synchronizing channels
[    0.166715] bpmp: channels synchronized
[    0.166725] bpmp: mail init ok
[    0.167039] vdso: 2 pages (1 code @ ffffffc001215000, 1 data @ ffffffc001214000)
[    0.167069] hw-breakpoint: found 6 breakpoint and 4 watchpoint registers.
[    0.168004] atomic_pool_init():526: DMA: preallocated 1024 KiB pool for atomic allocations
[    0.169462] tegra_powergate_init: DONE
[    0.169481] DTS File Name: /dvs/git/dirty/git-master_linux/kernel/kernel-4.4/arch/arm64/boot/dts/../../../../../../hardware/nvidia/platform/t18x/quill/kernel-dts/tegra186-quill-p3310-1000-c03-00-base.dts
[    0.169506] DTB Build time: Jul 20 2017 00:50:45
[    0.170858] Tegra reboot handler registered.
[    0.171918] Registering Tegra186 clocks (this may take a while)...done
[    0.173260] arm-smmu 12000000.iommu: probing hardware configuration...
[    0.173276] arm-smmu 12000000.iommu: SMMUv2 with:
[    0.173289] arm-smmu 12000000.iommu: 	stage 1 translation
[    0.173301] arm-smmu 12000000.iommu: 	stage 2 translation
[    0.173312] arm-smmu 12000000.iommu: 	nested translation
[    0.173327] arm-smmu 12000000.iommu: 	stream matching with 128 register groups, mask 0x7f80
[    0.173346] arm-smmu 12000000.iommu: SMMU address space size (0x800000) differs from mapped region size (0x1000000)!
[    0.173363] arm-smmu 12000000.iommu: 	64 context banks (0 stage-2 only)
[    0.173376] arm-smmu 12000000.iommu: 	Stage-1: 39-bit VA -> 48-bit IPA
[    0.173388] arm-smmu 12000000.iommu: 	Stage-2: 39-bit IPA -> 48-bit PA
[    0.251549] arm-smmu 12000000.iommu: registered 67 master devices
[    0.255968] mc: mapped MMIO address: 0xffffff8000540000 -> 0x2c10000
[    0.256035] mc: mapped MMIO address: 0xffffff8000560000 -> 0x2c20000
[    0.256098] mc: mapped MMIO address: 0xffffff8000640000 -> 0x2c30000
[    0.256143] mc: mapped MMIO address: 0xffffff8000660000 -> 0x2c40000
[    0.256195] mc: mapped MMIO address: 0xffffff8000fa0000 -> 0x2c50000
[    0.256234] mc-err: Set intmask: 0xf3140
[    0.256524] dram-ecc: DRAM ECC disabled-MC_ECC_CONTROL:0x0000000c
[    0.256963] iommu: Adding device d000000.bpmp to group 0
[    0.257300] bpmp: ping status is 0
[    0.257487] bpmp d000000.bpmp: firmware tag is 0705d30e2bb4ef1fcf63b70c5fc3deef
[    0.257977] bpmp d000000.bpmp: probe ok
[    0.259345] iommu: Adding device 3550000.xudc to group 1
[    0.263406] GPIO line 507 (wifi-wake-ap) hogged as input
[    0.263524] gpiochip_add_data: registered GPIOs 448 to 511 on device: tegra-gpio-aon
[    0.267533] iommu: Adding device adsp_audio to group 2
[    0.269947] iommu: Adding device 17000000.gp10b to group 3
[    0.270908] iommu: Adding device sound to group 4
[    0.271916] vdd-ac-bat: 5000 mV 
[    0.273173] vdd-1v8-ap: 1800 mV 
[    0.274506] Wake73 for irq=42
[    0.276829] iommu: Adding device smmu_test to group 5
[    0.277208] iommu: Adding device 3210000.spi to group 6
[    0.277616] iommu: Adding device c260000.spi to group 7
[    0.277942] iommu: Adding device 3240000.spi to group 8
[    0.278656] iommu: Adding device b000000.rtcpu to group 9
[    0.279718] iommu: Adding device 3507000.ahci-sata to group 10
[    0.280705] iommu: Adding device 3100000.serial to group 11
[    0.281028] iommu: Adding device 3110000.serial to group 12
[    0.281368] iommu: Adding device 3130000.serial to group 13
[    0.281738] iommu: Adding device c280000.serial to group 14
[    0.284700] tegra-reset 5000000.clock: registered 193 resets.
[    0.285436] iommu: Adding device 13e10000.host1x to group 15
[    0.285689] iommu: Adding device 13e10000.host1x:ctx0 to group 16
[    0.285939] iommu: Adding device 13e10000.host1x:ctx1 to group 17
[    0.286176] iommu: Adding device 13e10000.host1x:ctx2 to group 18
[    0.286401] iommu: Adding device 13e10000.host1x:ctx3 to group 19
[    0.286614] iommu: Adding device 13e10000.host1x:ctx4 to group 20
[    0.286896] iommu: Adding device 13e10000.host1x:ctx5 to group 21
[    0.287122] iommu: Adding device 13e10000.host1x:ctx6 to group 22
[    0.287333] iommu: Adding device 13e10000.host1x:ctx7 to group 23
[    0.288203] iommu: Adding device 15210000.nvdisplay to group 24
[    0.288573] iommu: Adding device 150c0000.nvcsi to group 25
[    0.288932] iommu: Adding device 15380000.nvjpg to group 26
[    0.289362] iommu: Adding device 15810000.se to group 27
[    0.289603] iommu: Adding device 15820000.se to group 28
[    0.289789] iommu: Adding device 15830000.se to group 29
[    0.289957] iommu: Adding device 15840000.se to group 30
[    0.290169] iommu: Adding device 154c0000.nvenc to group 31
[    0.290369] iommu: Adding device 15100000.tsecb to group 32
[    0.290930] iommu: Adding device 15700000.vi to group 33
[    0.291125] iommu: Adding device 15480000.nvdec to group 34
[    0.291457] iommu: Adding device 15600000.isp to group 35
[    0.291643] iommu: Adding device 15500000.tsec to group 36
[    0.291859] iommu: Adding device 15340000.vic to group 37
[    0.293773] iommu: Adding device c1a0000.aon to group 38
[    0.298118] iommu: Adding device 3510000.hda to group 39
[    0.298596] Wake76 for irq=199
[    0.298616] Wake77 for irq=199
[    0.298634] Wake78 for irq=199
[    0.298650] Wake79 for irq=199
[    0.298667] Wake80 for irq=199
[    0.298683] Wake81 for irq=199
[    0.298699] Wake82 for irq=199
[    0.298877] iommu: Adding device 3530000.xhci to group 40
[    0.299063] gpio tegra-gpio-aon wake30 for gpio=60(FF:4)
[    0.301882] iommu: Adding device 2993000.adsp to group 41
[    0.302993] iommu: Adding device 2490000.ether_qos to group 42
[    0.304466] tegra-pmc c360000.pmc: scratch reg offset dts data not present
[    0.304494] tegra-pmc: ### PMC reset source: Software reset
[    0.304515] tegra-pmc: ### PMC reset level: L1
[    0.304533] tegra-pmc: ### PMC reset status reg: 0x2d
[    0.304798] padctrl padctrl.0: Pad control driver tegra-pmc-padctrl registered
[    0.304859] tegra-pmc c360000.pmc: IO padctrl driver initialized
[    0.305017] tegra186-aowake c370000.pmc: WAKE_AOWAKE_CTRL_0 = 3
[    0.305042] tegra186-aowake c370000.pmc: WAKE_AOWAKE_CNTRL_24(PMU_INT) = 320
[    0.305877] GPIO line 360 (wifi-enable) hogged as output/high
[    0.305952] GPIO line 397 (cam0-rst) hogged as output/low
[    0.306002] GPIO line 392 (cam0-pwdn) hogged as output/low
[    0.306067] GPIO line 393 (cam1-rst) hogged as output/low
[    0.306110] GPIO line 362 (cam1-pwdn) hogged as output/low
[    0.306154] GPIO line 381 (sdmmc-wake-input) hogged as input
[    0.306200] GPIO line 382 (sdmmc-wake-output) hogged as output/low
[    0.306331] gpiochip_add_data: registered GPIOs 256 to 447 on device: tegra-gpio
[    0.308321] iommu: Adding device 3160000.i2c to group 43
[    0.308732] iommu: Adding device 3180000.i2c to group 44
[    0.309089] iommu: Adding device 3190000.i2c to group 45
[    0.312332] iommu: Adding device 2600000.dma to group 46
[    0.312639] iommu: Adding device c240000.i2c to group 47
[    0.313026] iommu: Adding device 10003000.pcie-controller to group 48
[    0.313438] iommu: Adding device c250000.i2c to group 49
[    0.314167] iommu: Adding device 31b0000.i2c to group 50
[    0.314485] iommu: Adding device 31c0000.i2c to group 51
[    0.314784] iommu: Adding device 3400000.sdhci to group 52
[    0.315162] iommu: Adding device 31e0000.i2c to group 53
[    0.315698] iommu: Adding device 3460000.sdhci to group 54
[    0.315973] gpio tegra-gpio-aon wake69 for gpio=59(FF:3)
[    0.332895] SCSI subsystem initialized
[    0.333101] libata version 3.00 loaded.
[    0.333259] usbcore: registered new interface driver usbfs
[    0.333316] usbcore: registered new interface driver hub
[    0.333418] usbcore: registered new device driver usb
[    0.337874] GPIO line 241 (touch-rail-1) hogged as output/high
[    0.338439] GPIO line 242 (touch-rail-2) hogged as output/high
[    0.338533] gpiochip_add_data: registered GPIOs 240 to 255 on device: tca9539
[    0.340158] GPIO line 228 (lcd-bias-en-rail) hogged as output/high
[    0.340275] gpiochip_add_data: registered GPIOs 224 to 239 on device: tca9539
[    0.352279] media: Linux media interface: v0.10
[    0.352347] Linux video capture interface: v2.00
[    0.355949] pps_core: LinuxPPS API ver. 1 registered
[    0.355980] pps_core: Software ver. 5.3.6 - Copyright 2005-2007 Rodolfo Giometti <giometti@linux.it>
[    0.356034] PTP clock support registered
[    0.356922] tegra_wdt_t18x 30c0000.watchdog: Tegra WDT init timeout = 120 sec
[    0.356967] tegra_wdt_t18x 30c0000.watchdog: Registered successfully
[    0.358426] max77620 4-003c: PMIC Version OTP:0x45 and ES:0x8
[    0.360367] GPIO line 221 (spmic_gpio_input_5) hogged as input
[    0.360576] GPIO line 222 (spmic_gpio_input_6) hogged as input
[    0.360671] gpiochip_add_data: registered GPIOs 216 to 223 on device: max77620-gpio
[    0.366995] vddio-ddr: at 1125 mV 
[    0.370840] avdd_dsi_csi: 1200 mV 
[    0.374836] vdd-1v8: 1800 mV 
[    0.378834] vdd-3v3-sys: 3300 mV 
[    0.379627] spmic-ldo0: at 1800 mV 
[    0.380413] spmic-ldo1: at 800 mV 
[    0.382836] vddio-3v3: 3300 mV 
[    0.383473] vddio-sdmmc1: 1800 <--> 3300 mV at 3300 mV 
[    0.386837] vdd-rtc: at 800 mV 
[    0.387544] avdd-ts-hv: 1800 <--> 3300 mV at 1800 mV 
[    0.390837] spmic-ldo6: at 1500 mV 
[    0.394050] vdd-pex-1v05: 1000 mV 
[    0.394640] dvdd-pex: 1000 mV 
[    0.394897] max77620 4-003c: max77620 probe successful
[    0.395182] Advanced Linux Sound Architecture Driver Initialized.
[    0.396115] en-vdd-sd: 3300 mV 
[    0.396969] en-vdd-cam: 1800 mV 
[    0.402049] vdd-hdmi: 5000 mV 
[    0.402242] vdd-usb0-5v: 5000 mV 
[    0.402430] vdd-usb1-5v: 5000 mV 
[    0.406050] en-vdd-ts-1v8: 1800 mV 
[    0.410049] en-vdd-ts-hv-3v3: 3300 mV 
[    0.410783] en-vdd-disp-3v3: 3300 mV 
[    0.411514] en-mdm-pwr-3v7: 3700 mV 
[    0.412253] en-vdd-sys: 1200 mV 
[    0.412999] en-vdd-disp-1v8: 1800 mV 
[    0.413750] en-vdd-cam-hv-2v8: 2800 mV 
[    0.414519] en-vdd-cam-1v2: 1200 mV 
[    0.415264] vdd-fan: 5000 mV 
[    0.415376] vdd-3v3: 3300 mV 
[    0.416414] dis-vdd-1v2: 1200 mV 
[    0.416528] en-vdd-vcm-2v8: 2800 mV 
[    0.417274] vdd-usb2-5v: 5000 mV 
[    0.417393] vdd-sys-bl: 3300 mV 
[    0.418730] gpio tegra-gpio wake53 for gpio=159(X:7)
[    0.420382] extcon-gpio-states external-connection:extcon@1: Cable state 2
[    0.420888] clocksource: Switched to clocksource arch_sys_counter
[    0.439414] nvmap_heap_init: nvmap_heap_init: created heap block cache
[    0.439714] nvmap: nvmap_override_cache_ops() set roc flush ops to replace cache ops by set/ways
[    0.440274] nvmap_page_pool_init: Total RAM pages: 2009498
[    0.440289] nvmap_page_pool_init: nvmap page pool size: 251187 pages (981 MB)
[    0.440521] nvmap_background_zero_thread: PP zeroing thread starting.
[    0.445674] Wake76 for irq=199
[    0.445688] Wake77 for irq=199
[    0.445697] Wake78 for irq=199
[    0.445707] Wake79 for irq=199
[    0.445715] Wake80 for irq=199
[    0.445724] Wake81 for irq=199
[    0.445733] Wake82 for irq=199
[    0.446333] thermal thermal_zone0: Registering thermal zone thermal_zone0 for type GPU-therm
[    0.446534] thermal thermal_zone1: Registering thermal zone thermal_zone1 for type MCPU-therm
[    0.446672] thermal thermal_zone2: Registering thermal zone thermal_zone2 for type Tdiode_tegra
[    0.447380] thermal thermal_zone3: Registering thermal zone thermal_zone3 for type AO-therm
[    0.447456] thermal thermal_zone4: Registering thermal zone thermal_zone4 for type PLL-therm
[    0.447645] thermal thermal_zone5: Registering thermal zone thermal_zone5 for type PMIC-Die
[    0.447831] thermal thermal_zone6: Registering thermal zone thermal_zone6 for type BCPU-therm
[    0.447969] thermal thermal_zone7: Registering thermal zone thermal_zone7 for type Tboard_tegra
[    0.448258] isomgr_init(): iso emc max clk=1866000KHz
[    0.448268] isomgr_init(): max_iso_bw=26870400KB
[    0.448340] NET: Registered protocol family 2
[    0.448657] TCP established hash table entries: 65536 (order: 7, 524288 bytes)
[    0.448884] TCP bind hash table entries: 65536 (order: 8, 1048576 bytes)
[    0.449172] TCP: Hash tables configured (established 65536 bind 65536)
[    0.449223] UDP hash table entries: 4096 (order: 5, 131072 bytes)
[    0.449280] UDP-Lite hash table entries: 4096 (order: 5, 131072 bytes)
[    0.449443] NET: Registered protocol family 1
[    0.449643] RPC: Registered named UNIX socket transport module.
[    0.449656] RPC: Registered udp transport module.
[    0.449666] RPC: Registered tcp transport module.
[    0.449675] RPC: Registered tcp NFSv4.1 backchannel transport module.
[    0.449695] PCI: CLS 0 bytes, default 128
[    0.449786] Trying to unpack rootfs image as initramfs...
[    0.463533] host1x 13e10000.host1x: initialized
[    0.464658] hw perfevents: enabled with armv8_pmuv3 PMU driver, 7 counters available
[    0.466654] futex hash table entries: 2048 (order: 6, 262144 bytes)
[    0.466746] audit: initializing netlink subsys (disabled)
[    0.466775] audit: type=2000 audit(0.456:1): initialized
[    0.473031] io scheduler noop registered (default)
[    0.475562] tegra-pwm 3280000.pwm: PWM clk can sleep in ops
[    0.476688] tegra-pwm 3290000.pwm: PWM clk can sleep in ops
[    0.477713] tegra-pwm c340000.pwm: PWM clk can sleep in ops
[    0.478042] tegra-pwm 32a0000.pwm: PWM clk can sleep in ops
[    0.482370] tsec 15100000.tsecb: initialized
[    0.483344] tsec 15500000.tsec: initialized
[    0.485506] nvdec 15480000.nvdec: initialized
[    0.488188] falcon 15380000.nvjpg: initialized
[    0.489215] falcon 154c0000.nvenc: initialized
[    0.491080] falcon 15340000.vic: initialized
[    0.491794] iommu_context_dev 13e10000.host1x:ctx0: initialized (streamid=56)
[    0.492283] iommu_context_dev 13e10000.host1x:ctx1: initialized (streamid=57)
[    0.492781] iommu_context_dev 13e10000.host1x:ctx2: initialized (streamid=58)
[    0.493291] iommu_context_dev 13e10000.host1x:ctx3: initialized (streamid=59)
[    0.493792] iommu_context_dev 13e10000.host1x:ctx4: initialized (streamid=60)
[    0.494290] iommu_context_dev 13e10000.host1x:ctx5: initialized (streamid=61)
[    0.494778] iommu_context_dev 13e10000.host1x:ctx6: initialized (streamid=62)
[    0.495267] iommu_context_dev 13e10000.host1x:ctx7: initialized (streamid=63)
[    0.497004] DC OR NODE connected to /host1x/sor1
[    0.497119] tegra_camera_platform tegra-camera-platform: tegra_camera_probe:camera_platform_driver probe
[    0.497288] misc tegra_camera_ctrl: tegra_camera_isomgr_register tpg_max_iso = 3916800KBs
[    0.497305] tegradc 15210000.nvdisplay: DT parsed successfully
[    0.497307] misc tegra_camera_ctrl: tegra_camera_isomgr_register isp_iso_bw=4687500, vi_iso_bw=1500000, max_bw=4687500
[    0.497370] tegradc 15210000.nvdisplay: Display dc.ffffff8002320000 registered with id=0
[    0.505121] tegra_nvdisp_bandwidth_register_max_config: max config iso bw = 16727000 KB/s
[    0.505140] tegra_nvdisp_bandwidth_register_max_config: max config EMC floor = 665600000 Hz
[    0.505155] tegra_nvdisp_bandwidth_register_max_config: max config hubclk = 357620000 Hz
[    0.505210] tegradc 15210000.nvdisplay: vblank syncpt # 7 for dc 1
[    0.505224] tegradc 15210000.nvdisplay: vpulse3 syncpt # 8 for dc 1
[    0.505783] tegra-adma 2930000.adma: Tegra ADMA driver register 10 channels
[    0.508123] tegradc 15210000.nvdisplay: hdmi: no prod_list_hdmi_board, use default range
[    0.508145] PD DISP0 index2 UP
[    0.508267] tegra-fuse-burn 3820000.efuse:efuse-burn: Fuse burn driver initialized
[    0.509021] PD DISP1 index3 UP
[    0.509237] PD DISP2 index4 UP
[    0.509255] kfuse 3830000.kfuse: initialized
[    0.509445] PD DISP2 index4 DOWN
[    0.509602] PD DISP1 index3 DOWN
[    0.509748] PD DISP0 index2 DOWN
[    0.509951] tegra-pmc-iopower pmc-iopower: NO_IOPOWER setting 0x0
[    0.510398] Serial: 8250/16550 driver, 4 ports, IRQ sharing disabled
[    0.511485] tegradc 15210000.nvdisplay: probed
[    0.512520] console [ttyS0] disabled
[    0.512568] 3100000.serial: ttyS0 at MMIO 0x3100000 (irq = 108, base_baud = 25500000) is a Tegra
[    2.601403] console [ttyS0] enabled
[    2.603387] 3110000.serial: ttyTHS1 at MMIO 0x3110000 (irq = 109, base_baud = 0) is a TEGRA_UART
[    2.603647] serial-tegra 3130000.serial: RX in PIO mode
[    2.604482] 3130000.serial: ttyTHS3 at MMIO 0x3130000 (irq = 110, base_baud = 0) is a TEGRA_UART
[    2.605329] Console: switching to colour frame buffer device 160x45
[    2.605470] c280000.serial: ttyTHS2 at MMIO 0xc280000 (irq = 111, base_baud = 0) is a TEGRA_UART
[    2.615476] brd: module loaded
[    2.619860] loop: module loaded
[    2.619977] gpio tegra-gpio-aon wake35 for gpio=16(V:0)
[    2.619994] nct1008_nct72 7-004c: find device tree node, parsing dt
[    2.619999] nct1008_nct72 7-004c: starting parse dt
[    2.620052] nct1008_nct72 7-004c: success parsing dt
[    2.620140] nct1008_nct72 7-004c: success in enabling tmp451 VDD rail
[    2.684905] tegradc 15210000.nvdisplay: fb registered
[    2.697432] gk20a 17000000.gp10b: failed to allocate secure buffer -12
[    2.697490] gpio tegra-gpio wake21 for gpio=121(P:1)
[    2.713489] tmp451: Enabled overheat logging at 104.00C
[    2.720037] gpio tegra-gpio-aon wake35 for gpio=16(V:0)
[    2.726486] nct1008_nct72 7-004c: nct1008_probe: initialized
[    2.736005] THERMAL EST: found 3 subdevs
[    2.741140] THERMAL EST num_resources: 0
[    2.746253] [THERMAL EST subdev 0]
[    2.750836] [THERMAL EST subdev 1]
[    2.755388] [THERMAL EST subdev 2]
[    2.760087] thermal thermal_zone8: Registering thermal zone thermal_zone8 for type thermal-fan-est
[    2.770216] THERMAL EST: thz register success.
[    2.775888] THERMAL EST: end of probe, return err: 0
[    2.782179] tegra_profiler: Branch: Dev
[    2.787136] tegra_profiler: Version: 1.109
[    2.792357] tegra_profiler: Samples version: 37
[    2.798037] tegra_profiler: IO version: 21
[    2.805775] armv8_pmu: imp: 0x41, idcode: 0x1
[    2.811648] armv8_pmu: [0] arch: AA64 PmuV3 ARM CORTEX-A57, type: 5, ver: 0
[    2.820105] armv8_pmu: imp: 0x4e, idcode: 0x1
[    2.825889] armv8_pmu: [1] arch: AA64 PmuV3 NVIDIA (Denver), type: 6, ver: 2
[    2.834418] armv8_pmu: imp: 0x4e, idcode: 0x1
[    2.840252] armv8_pmu: [2] arch: AA64 PmuV3 NVIDIA (Denver), type: 6, ver: 2
[    2.848739] armv8_pmu: imp: 0x41, idcode: 0x1
[    2.854353] armv8_pmu: [3] arch: AA64 PmuV3 ARM CORTEX-A57, type: 5, ver: 0
[    2.862504] armv8_pmu: imp: 0x41, idcode: 0x1
[    2.868024] armv8_pmu: [4] arch: AA64 PmuV3 ARM CORTEX-A57, type: 5, ver: 0
[    2.876157] armv8_pmu: imp: 0x41, idcode: 0x1
[    2.881625] armv8_pmu: [5] arch: AA64 PmuV3 ARM CORTEX-A57, type: 5, ver: 0
[    2.889976] tegra_profiler: auth: init
[    2.898506] tegra-ahci 3507000.ahci-sata: AHCI 0001.0301 32 slots 2 ports 3 Gbps 0x1 impl platform mode
[    2.909029] tegra-ahci 3507000.ahci-sata: flags: 64bit ncq sntf pm led pmp pio slum part deso sadm apst 
[    2.920593] scsi host0: tegra_ahci
[    2.925433] scsi host1: tegra_ahci
[    2.930058] ata1: SATA max UDMA/133 mmio [mem 0x03507000-0x03508fff] port 0x100 irq 105
[    2.939124] ata2: DUMMY
[    2.943644] spi-tegra114 3210000.spi: Static pin configuration used
[    2.951547] spi-tegra114 c260000.spi: Static pin configuration used
[    2.959402] spi-tegra114 3240000.spi: Static pin configuration used
[    2.967630] tun: Universal TUN/TAP device driver, 1.6
[    2.973768] tun: (C) 1999-2004 Max Krasnyansky <maxk@qualcomm.com>
[    2.981210] e1000e: Intel(R) PRO/1000 Network Driver - 3.2.6-k
[    2.988100] e1000e: Copyright(c) 1999 - 2015 Intel Corporation.
[    2.995144] igb: Intel(R) Gigabit Ethernet Network Driver - version 5.3.0-k
[    3.003176] igb: Copyright (c) 2007-2014 Intel Corporation.
[    3.011189] PPP generic driver version 2.4.2
[    3.013864] eqos 2490000.ether_qos: Setting local MAC: 0 4 4b 8d 11 74
[    3.014335] libphy: dwc_phy: probed
[    3.028946] PPP BSD Compression module registered
[    3.034798] PPP Deflate Compression module registered
[    3.041001] PPP MPPE Compression module registered
[    3.046917] NET: Registered protocol family 24
[    3.052541] usbcore: registered new interface driver r8152
[    3.059228] usbcore: registered new interface driver asix
[    3.065764] usbcore: registered new interface driver ax88179_178a
[    3.072981] usbcore: registered new interface driver cdc_ether
[    3.077892] gpio tegra-gpio wake18 for gpio=101(M:5)
[    3.078040] bcm54xx_low_power_mode(): put phy in iddq-lp mode
[    3.092812] usbcore: registered new interface driver smsc95xx
[    3.099680] usbcore: registered new interface driver net1080
[    3.106438] usbcore: registered new interface driver cdc_subset
[    3.113437] usbcore: registered new interface driver zaurus
[    3.120116] usbcore: registered new interface driver cdc_ncm
[    3.127091] Wake76 for irq=199
[    3.131125] Wake77 for irq=199
[    3.135132] Wake78 for irq=199
[    3.139116] Wake79 for irq=199
[    3.143077] Wake80 for irq=199
[    3.147012] Wake81 for irq=199
[    3.150947] Wake82 for irq=199
[    3.156305] tegra-xotg xotg: usb2 phy is not available yet
[    3.163413] usbcore: registered new interface driver usb-storage
[    3.171325] usbcore: registered new interface driver usbserial
[    3.178039] usbcore: registered new interface driver ftdi_sio
[    3.184641] usbserial: USB Serial support registered for FTDI USB Serial Device
[    3.192798] usbcore: registered new interface driver option
[    3.199197] usbserial: USB Serial support registered for GSM modem (1-port)
[    3.207021] usbcore: registered new interface driver pl2303
[    3.213468] usbserial: USB Serial support registered for pl2303
[    3.220615] tegra-usb-cd usb_cd: otg phy is not available yet
[    3.229201] tegra-xudc-new 3550000.xudc: usb2 phy is not available yet
[    3.260892] ata1: SATA link down (SStatus 0 SControl 300)
[    3.369274] max77686-rtc max77620-rtc: rtc core: registered max77620-rtc as rtc0
[    3.379845] tegra_rtc c2a0000.rtc: rtc core: registered c2a0000.rtc as rtc1
[    3.387772] tegra_rtc c2a0000.rtc: Tegra internal Real Time Clock
[    3.395009] i2c /dev entries driver
[    3.400147] [OV5693]: probing v4l2 sensor.
[    4.221735] gspca_main: v2.14.0 registered
[    4.226788] usbcore: registered new interface driver gspca_zc3xx
[    4.233997] max77620-power max77620-power: Event recorder REG_NVERC : 0x0
[    4.243351] FAN dev name: pwm-fan
[    4.247621] FAN:gpio request success.
[    4.252187] FAN: can't find tach_gpio
[    4.256778] pwm_fan_driver pwm-fan: cap state:7, cap pwm:255
[    4.263518] pwm_fan_driver pwm-fan: unable to request PWM, trying legacy API
[    4.271537] pwm_fan_driver pwm-fan: got pwm for fan
[    4.277369] pwm_fan_driver pwm-fan: tach period: 1000
[    4.283630] pwm_fan_driver pwm-fan: index 0: pwm=0, rpm=0, rru=40, rrd=40, state:2
[    4.292142] pwm_fan_driver pwm-fan: index 1: pwm=80, rpm=1000, rru=2, rrd=2, state:2
[    4.300837] pwm_fan_driver pwm-fan: index 2: pwm=120, rpm=2000, rru=1, rrd=1, state:2
[    4.309628] pwm_fan_driver pwm-fan: index 3: pwm=160, rpm=3000, rru=1, rrd=1, state:2
[    4.318484] pwm_fan_driver pwm-fan: index 4: pwm=255, rpm=4000, rru=1, rrd=1, state:3
[    4.327283] pwm_fan_driver pwm-fan: index 5: pwm=255, rpm=5000, rru=1, rrd=1, state:3
[    4.336009] pwm_fan_driver pwm-fan: index 6: pwm=255, rpm=6000, rru=1, rrd=1, state:3
[    4.344733] pwm_fan_driver pwm-fan: index 7: pwm=255, rpm=7000, rru=1, rrd=1, state:4
[    4.353472] pwm_fan_driver pwm-fan: index 8: pwm=255, rpm=10000, rru=1, rrd=1, state:4
[    4.362293] pwm_fan_driver pwm-fan: index 9: pwm=255, rpm=11000, rru=1, rrd=1, state:4
[    4.372436] device-mapper: uevent: version 1.0.3
[    4.378292] device-mapper: ioctl: 4.34.0-ioctl (2015-10-28) initialised: dm-devel@redhat.com
[    4.388221] sdhci: Secure Digital Host Controller Interface driver
[    4.395390] sdhci: Copyright(c) Pierre Ossman
[    4.400734] sdhci-pltfm: SDHCI platform and OF driver helper
[    4.408265] sdhci-tegra 3400000.sdhci: Got CD GPIO
[    4.414225] sdhci-tegra 3400000.sdhci: Got WP GPIO
[    4.420172] sdhci-tegra 3400000.sdhci: Parent select= pll_p rate=408000000
[    4.428122] tegra-se-elp 3ad0000.se_elp: tegra_se_elp_probe: complete
[    4.428131] sdhci-tegra 3400000.sdhci: wakeup init done, cd_irq: 318
[    4.428335] sdhci-tegra 3400000.sdhci: Client registration for eMC Successful
[    4.451362] hidraw: raw HID events driver (C) Jiri Kosina
[    4.460316] usbcore: registered new interface driver usbhid
[    4.466905] usbhid: USB HID core driver
[    4.468920] gpio tegra-gpio wake71 for gpio=125(P:5)
[    4.468982] mmc0: SDHCI controller on 3400000.sdhci [3400000.sdhci] using ADMA 64-bit with 64 bit addr
[    4.469288] sdhci-tegra 3440000.sdhci: Parent select= pll_p rate=408000000
[    4.469583] sdhci-tegra 3440000.sdhci: Client registration for eMC Successful
[    4.504875] mmc1: SDHCI controller on 3440000.sdhci [3440000.sdhci] using ADMA 64-bit with 64 bit addr
[    4.517624] sdhci-tegra 3460000.sdhci: Parent select= pll_p rate=408000000
[    4.527837] sdhci-tegra 3460000.sdhci: Parent select= pll_c4_out0 rate=196249804
[    4.538559] sdhci-tegra 3460000.sdhci: Client registration for eMC Successful
[    4.549978] nvadsp 2993000.adsp: in probe()...
[    4.558440] nvadsp 2993000.adsp: Registering AMC Error Interrupt
[    4.566220] nvadsp 2993000.adsp: AMC/ARAM initialized.
[    4.573361] nvadsp 2993000.adsp: nvadsp_app_module_probe
[    4.577407] mmc1: queuing unknown CIS tuple 0x80 (5 bytes)
[    4.584898] mmc2: SDHCI controller on 3460000.sdhci [3460000.sdhci] using ADMA 64-bit with 64 bit addr
[    4.600242] Denver: backdoor interface is NOT available.
[    4.610062] coresight-tmc 8030000.etf: TMC initialized
[    4.618670] coresight-tmc 8050000.etr: TMC initialized
[    4.625660] coresight-tpiu 8060000.tpiu: TPIU initialized
[    4.632947] coresight-funnel 8820000.funnel_minor: FUNNEL initialized
[    4.641090] coresight-funnel 8010000.funnel_major: FUNNEL initialized
[    4.649575] coresight-funnel 9010000.funnel_bccplex: FUNNEL initialized
[    4.658176] coresight-replicator 8040000.replicator: REPLICATOR initialized
[    4.667163] coresight-etm4x 9840000.ptm: ETM 4.0 initialized
[    4.674932] coresight-etm4x 9940000.ptm: ETM 4.0 initialized
[    4.682757] coresight-etm4x 9a40000.ptm: ETM 4.0 initialized
[    4.690402] coresight-etm4x 9b40000.ptm: ETM 4.0 initialized
[    4.697242] Module initialized successfully 
[    4.705584] tegra186-cam-rtcpu b000000.rtcpu: Trace buffer configured at IOVA=0xa0000000
[    4.717196] tegra186-cam-rtcpu b000000.rtcpu: already unhalted
[    4.724519] tegra-ivc ivc-b000000.rtcpu: region 0: iova=0xa0110000-0xa011957f size=38272
[    4.734427] tegra-ivc ivc-b000000.rtcpu:dbg@7c00: dbg: ver=0 grp=1 RX[1x384]=0x1000-0x1200 TX[1x384]=0x1200-0x1400
[    4.746011] tegra-ivc ivc-b000000.rtcpu:dbg@7e00: dbg: ver=0 grp=1 RX[1x384]=0x1400-0x1600 TX[1x384]=0x1600-0x1800
[    4.757815] tegra-ivc ivc-b000000.rtcpu:vinotify@12c0: vinotify: ver=0 grp=1 RX[64x128]=0x1800-0x3880 TX[64x128]=0x3880-0x5900
[    4.770500] tegra-ivc ivc-b000000.rtcpu:ivccontrol@52c0: ivccontrol: ver=0 grp=1 RX[16x320]=0x5900-0x6d80 TX[16x320]=0x6d80-0x8200
[    4.781625] mmc1 tuning done saved tap delay=60
[    4.781629] mmc1: hw tuning done ...
[    4.781637] mmc1: tuning_window[0]: 0xffffffff
[    4.781649] mmc1: tuning_window[1]: 0xfffffe3f
[    4.781656] mmc1: tuning_window[2]: 0xfff8ffff
[    4.781662] mmc1: tuning_window[3]: 0x63ffffff
[    4.781669] mmc1: tuning_window[4]: 0x0
[    4.781675] mmc1: tuning_window[5]: 0x0
[    4.781680] mmc1: tuning_window[6]: 0x0
[    4.781712] mmc1: tuning_window[7]: 0x0
[    4.781716] sdhci: Tap value: 60 | Trim value: 5
[    4.781720] sdhci: SDMMC_VENDOR_INTR_STATUS[0x108]: 0x40000
[    4.790380] mmc1: queuing unknown CIS tuple 0x91 (3 bytes)
[    4.790448] mmc1: new ultra high speed SDR104 SDIO card at address 0001
[    4.862089] tegra-ivc ivc-b000000.rtcpu:echo@0: echo: ver=0 grp=1 RX[16x64]=0x8200-0x8680 TX[16x64]=0x8680-0x8b00
[    4.866940] mmc2: MAN_BKOPS_EN bit is not set
[    4.875140] mmc2: Skipping tuning since strobe enabled
[    4.883422] mmc2: periodic cache flush enabled
[    4.883432] mmc2: new HS400 MMC card at address 0001
[    4.883795] mmcblk0: mmc2:0001 032G34 29.1 GiB 
[    4.883944] mmcblk0boot0: mmc2:0001 032G34 partition 1 4.00 MiB
[    4.884085] mmcblk0boot1: mmc2:0001 032G34 partition 2 4.00 MiB
[    4.884225] mmcblk0rpmb: mmc2:0001 032G34 partition 3 4.00 MiB
[    4.885602]  mmcblk0: p1 p2 p3 p4 p5 p6 p7 p8 p9 p10 p11 p12 p13 p14 p15 p16 p17
[    4.936594] tegra-ivc ivc-b000000.rtcpu:mods@32c0: mods: ver=0 grp=1 RX[1x64]=0x8b00-0x8bc0 TX[1x64]=0x8bc0-0x8c80
[    4.950383] tegra-ivc ivc-b000000.rtcpu:ivccapture@72c0: ivccapture: ver=0 grp=1 RX[16x64]=0x8c80-0x9100 TX[16x64]=0x9100-0x9580
[    4.968798] tegra186-cam-rtcpu b000000.rtcpu: using cam RTCPU IRQ (103)
[    4.978480] tegra186-cam-rtcpu b000000.rtcpu: tegra_camrtc_mon_create is successful
[    4.994519] tegra-ivc ivc-b000000.rtcpu:dbg@7c00: ivc channel driver missing
[    5.004942] tegra-ivc ivc-b000000.rtcpu:dbg@7e00: ivc channel driver missing
[    5.015122] tegra-ivc ivc-b000000.rtcpu:vinotify@12c0: ivc channel driver missing
[    5.025758] tegra-ivc ivc-b000000.rtcpu:ivccontrol@52c0: ivc channel driver missing
[    5.036473] tegra-ivc ivc-b000000.rtcpu:echo@0: ivc channel driver missing
[    5.046347] tegra-ivc ivc-b000000.rtcpu:mods@32c0: ivc channel driver missing
[    5.056484] tegra-ivc ivc-b000000.rtcpu:ivccapture@72c0: ivc channel driver missing
[    5.067563] tegra186-cam-rtcpu b000000.rtcpu: firmware version cpu=sce cmd=4 sha1=a8b1ecdd9615cd817a56df035be363fce3b0b88f
[    5.112249] tegra-ivc-cdev ivc-b000000.rtcpu:dbg@7c00: probing /dev/camchar-dbg
[    5.128566] tegra-ivc-cdev ivc-b000000.rtcpu:echo@0: probing /dev/camchar-echo
[    5.139863] camchar: rtcpu character device driver loaded
[    5.188472] tegra186-aondbg aondbg: aondbg driver probe() OK
[    5.201665] register_ari_mca_banks: Registered MCA ROC:IOB
[    5.212456] register_ari_mca_banks: Registered MCA ROC:CCE
[    5.226512] tegra18-bridge 2390000.axi2apb: bridge probed OK
[    5.235391] tegra18-bridge 23a0000.axi2apb: bridge probed OK
[    5.244193] tegra18-bridge 23b0000.axi2apb: bridge probed OK
[    5.253154] tegra18-bridge 23c0000.axi2apb: bridge probed OK
[    5.261962] tegra18-bridge 23d0000.axi2apb: bridge probed OK
[    5.271289] tegra18-bridge 2100000.axip2p: bridge probed OK
[    5.279977] tegra18-bridge 2110000.axip2p: bridge probed OK
[    5.288897] tegra18-bridge 2120000.axip2p: bridge probed OK
[    5.297544] tegra18-bridge 2130000.axip2p: bridge probed OK
[    5.306198] tegra18-bridge 2140000.axip2p: bridge probed OK
[    5.314753] tegra18-bridge 2150000.axip2p: bridge probed OK
[    5.323255] tegra18-bridge 2160000.axip2p: bridge probed OK
[    5.331610] tegra18-bridge 2170000.axip2p: bridge probed OK
[    5.339812] tegra18-bridge 2180000.axip2p: bridge probed OK
[    5.348029] tegra18-bridge 2190000.axip2p: bridge probed OK
[    5.356659] tegra18_a57_serr_init: on CPU 2 a Denver Core
[    5.365463] parse_throttle_dt_data: Num cap clks = 4
[    5.372974] parse_throttle_dt_data: clk=mcpu type=1
[    5.380264] parse_throttle_dt_data: clk=bcpu type=2
[    5.387629] parse_throttle_dt_data: clk=gpu type=4
[    5.394792] parse_throttle_dt_data: clk=emc type=3
[    5.405402] tegra_throttle_probe: probe successful. #cdevs=4
[    5.414749] tegra18x_actmon d230000.actmon: in actmon_register()...
[    5.438523] tegra18x_actmon d230000.actmon: initialization Completed for the device mc_all
[    5.448039] hw perfevents: enabled with denver15_uncore_pmu PMU driver, 3 counters available
[    5.460088] tegra-se-nvhost 15810000.se: initialized
[    5.466507] tegra-se-nvhost 15810000.se: tegra_se_probe: complete
[    5.473848] tegra-se-nvhost 15820000.se: initialized
[    5.480225] tegra-se-nvhost 15820000.se: tegra_se_probe: complete
[    5.487479] tegra-se-nvhost 15830000.se: initialized
[    5.493400] tegra-se-nvhost 15830000.se: tegra_se_probe: complete
[    5.500656] tegra-se-nvhost 15840000.se: initialized
[    5.506904] tegra-se-nvhost 15840000.se: tegra_se_probe: complete
[    5.518763] tegra-gpcdma 2600000.dma: GPC DMA driver register 32 channels
[    5.530216] cpufreq: platform driver Initialization: pass
[    5.536237] tegra_cluster_clk e090000.cluster_clk_priv: in probe()...
[    5.543252] tegra_cluster_clk e090000.cluster_clk_priv: passed
[    5.549967] tegra186-padctl 3520000.pinctrl: padctl mmio start 0x0000000003520000 end 0x0000000003520fff
[    5.559941] tegra186-padctl 3520000.pinctrl: ao mmio start 0x0000000003540000 end 0x0000000003540fff
[    5.569803] tegra186-padctl 3520000.pinctrl: FUSE_SKU_USB_CALIB_0 0x2cb094
[    5.577165] tegra186-padctl 3520000.pinctrl: FUSE_USB_CALIB_EXT_0 0x9
[    5.585587] tegra186-padctl 3520000.pinctrl: using UTMI port 0 for otg
[    5.593220] tegra186-padctl 3520000.pinctrl: VBUS over-current detection enabled
[    5.601983] tegra-bpmp-thermal d000000.bpmp:bpmpthermal: zone 0 not supported
[    5.612511] cpuidle: Initializing cpuidle driver init for Denver cluster
[    5.619985] cpuidle: Initializing cpuidle driver init for A57 cluster
[    5.628286] tachometer tegra-tachometer: Tachometer driver tegra-tachometer registered
[    5.636769] Tachometer driver initialized with pulse_per_rev: 2 and win_len: 2
[    5.650079] tegra210_adsp_audio_platform_probe: platform probe started
[    5.661706] input: tegra-hda HDMI/DP,pcm=3 as /devices/3510000.hda/sound/card0/input0
[    5.661868] tegra210-adsp adsp_audio: Default param-type to BYTE for mp3-dec1
[    5.662522] tegra210-adsp adsp_audio: Default param-type to BYTE for spkprot
[    5.663984] tegra210-adsp adsp_audio: Default param-type to BYTE for src
[    5.664646] tegra210-adsp adsp_audio: Default param-type to BYTE for aac-dec1
[    5.665514] tegra210-adsp adsp_audio: Default param-type to BYTE for aec
[    5.665520] tegra210-adsp adsp_audio: adma channel page address dt entry not found
[    5.665522] tegra210-adsp adsp_audio: using adma channel page 0
[    5.670959] tegra210_adsp_audio_platform_probe probe successfull.
[    5.670959] OPE platform probe
[    5.671059] OPE platform probe successful
[    5.694152] tegra-snd-t186ref-mobile-rt565x sound: Failed to get HP Det GPIO, should be handled by codec
[    5.749503] input: tegra-hda HDMI/DP,pcm=7 as /devices/3510000.hda/sound/card0/input1
[    5.785710] tegra-snd-t186ref-mobile-rt565x sound: ADMAIF1 <-> ADMAIF1 mapping ok
[    5.794043] tegra-snd-t186ref-mobile-rt565x sound: ADMAIF2 <-> ADMAIF2 mapping ok
[    5.802302] tegra-snd-t186ref-mobile-rt565x sound: ADMAIF3 <-> ADMAIF3 mapping ok
[    5.810549] tegra-snd-t186ref-mobile-rt565x sound: ADMAIF4 <-> ADMAIF4 mapping ok
[    5.818805] tegra-snd-t186ref-mobile-rt565x sound: ADMAIF5 <-> ADMAIF5 mapping ok
[    5.827050] tegra-snd-t186ref-mobile-rt565x sound: ADMAIF6 <-> ADMAIF6 mapping ok
[    5.835295] tegra-snd-t186ref-mobile-rt565x sound: ADMAIF7 <-> ADMAIF7 mapping ok
[    5.843532] tegra-snd-t186ref-mobile-rt565x sound: ADMAIF8 <-> ADMAIF8 mapping ok
[    5.851737] tegra-snd-t186ref-mobile-rt565x sound: ADMAIF9 <-> ADMAIF9 mapping ok
[    5.859945] tegra-snd-t186ref-mobile-rt565x sound: ADMAIF10 <-> ADMAIF10 mapping ok
[    5.868324] tegra-snd-t186ref-mobile-rt565x sound: ADMAIF11 <-> ADMAIF11 mapping ok
[    5.876683] tegra-snd-t186ref-mobile-rt565x sound: ADMAIF12 <-> ADMAIF12 mapping ok
[    5.885056] tegra-snd-t186ref-mobile-rt565x sound: ADMAIF13 <-> ADMAIF13 mapping ok
[    5.893387] tegra-snd-t186ref-mobile-rt565x sound: ADMAIF14 <-> ADMAIF14 mapping ok
[    5.901722] tegra-snd-t186ref-mobile-rt565x sound: ADMAIF15 <-> ADMAIF15 mapping ok
[    5.910045] tegra-snd-t186ref-mobile-rt565x sound: ADMAIF16 <-> ADMAIF16 mapping ok
[    5.918357] tegra-snd-t186ref-mobile-rt565x sound: ADMAIF17 <-> ADMAIF17 mapping ok
[    5.926631] tegra-snd-t186ref-mobile-rt565x sound: ADMAIF18 <-> ADMAIF18 mapping ok
[    5.934911] tegra-snd-t186ref-mobile-rt565x sound: ADMAIF19 <-> ADMAIF19 mapping ok
[    5.943211] tegra-snd-t186ref-mobile-rt565x sound: ADMAIF20 <-> ADMAIF20 mapping ok
[    5.954985] tegra-snd-t186ref-mobile-rt565x sound: ADSP-FE1 <-> ADSP PCM1 mapping ok
[    5.963353] tegra-snd-t186ref-mobile-rt565x sound: ADSP-FE2 <-> ADSP PCM2 mapping ok
[    5.971612] compress asoc: ADSP-FE3 <-> ADSP COMPR1 mapping ok
[    5.977971] compress asoc: ADSP-FE4 <-> ADSP COMPR2 mapping ok
[    6.018375] input: tegra-snd-t186ref-mobile-rt565x Headphone Jack as /devices/sound/sound/card1/input2
[    6.028926] tegra-snd-t186ref-mobile-rt565x sound: codec-dai "dit-hifi" registered
[    6.036990] tegra-snd-t186ref-mobile-rt565x sound: This is a dummy codec
[    6.044825] GACT probability NOT on
[    6.048782] Mirror/redirect action on
[    6.052911] u32 classifier
[    6.056063]     Actions configured
[    6.059964] nf_conntrack version 0.5.0 (65536 buckets, 262144 max)
[    6.067347] ipip: IPv4 over IPv4 tunneling driver
[    6.072917] Initializing XFRM netlink socket
[    6.077998] NET: Registered protocol family 10
[    6.083703] ip6_tables: (C) 2000-2006 Netfilter Core Team
[    6.089695] NET: Registered protocol family 17
[    6.094659] NET: Registered protocol family 15
[    6.099620] bridge: automatic filtering via arp/ip/ip6tables has been deprecated. Update your scripts to load br_netfilter if you need this.
[    6.112733] 8021q: 802.1Q VLAN Support v1.8
[    6.118070] Registered cp15_barrier emulation handler
[    6.123640] Registered setend emulation handler
[    6.130050] registered taskstats version 1
[    6.138702] isp 15600000.isp: initialized
[    6.147405] nvcsi 150c0000.nvcsi: initialized
[    6.154292] Wake76 for irq=199
[    6.158052] Wake77 for irq=199
[    6.161771] Wake78 for irq=199
[    6.165485] Wake79 for irq=199
[    6.169182] Wake80 for irq=199
[    6.172871] Wake81 for irq=199
[    6.176562] Wake82 for irq=199
[    6.180796] xhci-tegra 3530000.xhci: UTMI port 0 has OTG_CAP
[    6.187154] xhci-tegra 3530000.xhci: No USB3 port has OTG_CAP
[    6.216944] xhci-tegra 3530000.xhci: Direct firmware load for tegra18x_xusb_firmware failed with error -2
[    6.227509] spi-tegra114 3210000.spi: Static pin configuration used
[    6.234750] xhci-tegra 3530000.xhci: Falling back to user helper
[    6.235312] spi-tegra114 c260000.spi: Static pin configuration used
[    6.236038] spi-tegra114 3240000.spi: Static pin configuration used
[    6.236788] tegra-xotg xotg: OTG rev:0200, ADP:0, SRP:1, HNP:1, RSP:0
[    6.236823] tegra-xotg xotg: update_id_state: ID grounded
[    6.236827] tegra-xotg xotg: update_vbus_state: VBUS not detected
[    6.236840] tegra-xotg xotg: Nvidia XUSB OTG Controller
[    6.239649] tegra-xotg xotg: otg: gadget gadget registered
[    6.239652] tegra-xotg xotg: set gadget otg_caps from OTG controller
[    6.239653] tegra-xotg xotg: otg: host not registered yet
[    6.239655] tegra-xotg xotg: otg: start OTG finite state machine
[    6.239700] tegra-xudc-new 3550000.xudc: entering ELPG
[    6.239727] tegra-xotg xotg: FSM: can't move to a_idle, host isn't ready
[    6.240928] tegra-xudc-new 3550000.xudc: entering ELPG done
[    6.240974] gpio tegra-gpio-aon wake67 for gpio=57(FF:1)
[    6.241064] gpio tegra-gpio-aon wake29 for gpio=56(FF:0)
[    6.241121] gpio tegra-gpio-aon wake68 for gpio=58(FF:2)
[    6.241232] input: gpio-keys as /devices/gpio-keys/input/input3
[    6.281975] tegra_rtc c2a0000.rtc: setting system clock to 2016-02-12 01:59:24 UTC (1455242364)
[    6.310669] bpmp: mounted debugfs mirror
[    6.311197] [dram-timers] DRAM derating cdev registered.
[    6.315273] spmic-ldo0: disabling
[    6.315440] spmic-ldo1: disabling
[    6.315651] en-vdd-sd: disabling
[    6.315653] en-vdd-cam: disabling
[    6.315655] vdd-usb0-5v: disabling
[    6.315657] vdd-usb1-5v: disabling
[    6.315661] en-vdd-disp-3v3: disabling
[    6.315662] en-mdm-pwr-3v7: disabling
[    6.315664] en-vdd-sys: disabling
[    6.315666] en-vdd-disp-1v8: disabling
[    6.315668] en-vdd-cam-hv-2v8: disabling
[    6.315669] en-vdd-cam-1v2: disabling
[    6.315671] vdd-fan: disabling
[    6.315672] vdd-3v3: disabling
[    6.315674] en-vdd-vcm-2v8: disabling
[    6.315675] vdd-usb2-5v: disabling
[    6.315677] vdd-sys-bl: disabling
[    6.322399] ALSA device list:
[    6.322402]   #0: tegra-hda at 0x3518000 irq 151
[    6.322404]   #1: tegra-snd-t186ref-mobile-rt565x
[    6.323705] tegra-vi4 15700000.vi: initialized
[    6.466553] EXT4-fs (mmcblk0p1): mounted filesystem with ordered data mode. Opts: (null)
[    6.475271] VFS: Mounted root (ext4 filesystem) on device 179:1.
[    6.484902] devtmpfs: mounted
[    6.488742] Freeing unused kernel memory: 1144K (ffffffc0010ce000 - ffffffc0011ec000)
[    6.497250] Freeing alternatives memory: 96K (ffffffc0011ec000 - ffffffc001204000)
[    6.566839] systemd[1]: RTC configured in localtime, applying delta of 300 minutes to system time.
[    6.598562] random: systemd: uninitialized urandom read (16 bytes read, 94 bits of entropy available)
[    6.609662] random: systemd: uninitialized urandom read (16 bytes read, 94 bits of entropy available)
[    6.619987] systemd[1]: systemd 229 running in system mode. (+PAM +AUDIT +SELINUX +IMA +APPARMOR +SMACK +SYSVINIT +UTMP +LIBCRYPTSETUP +GCRYPT +GNUTLS +ACL +XZ -LZ4 +SECCOMP +BLKID +ELFUTILS +KMOD -IDN)
[    6.639792] systemd[1]: Detected architecture arm64.
[    6.652996] systemd[1]: Set hostname to <tegra-ubuntu>.
[    6.671000] random: systemd: uninitialized urandom read (16 bytes read, 95 bits of entropy available)
[    6.683710] random: systemd-sysv-ge: uninitialized urandom read (16 bytes read, 96 bits of entropy available)
[    6.684867] random: systemd-gpt-aut: uninitialized urandom read (16 bytes read, 96 bits of entropy available)
[    6.684927] random: systemd-gpt-aut: uninitialized urandom read (16 bytes read, 96 bits of entropy available)
[    6.684942] random: systemd-gpt-aut: uninitialized urandom read (16 bytes read, 96 bits of entropy available)
[    6.685043] random: systemd-gpt-aut: uninitialized urandom read (16 bytes read, 96 bits of entropy available)
[    6.685970] random: systemd-cryptse: uninitialized urandom read (16 bytes read, 96 bits of entropy available)
[    6.702890] random: systemd-gpt-aut: uninitialized urandom read (16 bytes read, 98 bits of entropy available)
[    6.849634] systemd[1]: Reached target Swap.
[    6.855880] systemd[1]: Listening on Journal Audit Socket.
[    6.863180] systemd[1]: Created slice User and Session Slice.
[    6.870800] systemd[1]: Listening on /dev/initctl Compatibility Named Pipe.
[    6.879650] systemd[1]: Reached target Remote File Systems (Pre).
[    6.887744] systemd[1]: Listening on Journal Socket (/dev/log).
[    6.895692] systemd[1]: Listening on Syslog Socket.
[    6.902664] systemd[1]: Listening on udev Control Socket.
[    6.910889] systemd[1]: Reached target User and Group Name Lookups.
[    6.919091] systemd[1]: Reached target Encrypted Volumes.
[    6.926484] systemd[1]: Created slice System Slice.
[    6.933223] systemd[1]: Reached target Slices.
[    6.939521] systemd[1]: Created slice system-serial\x2dgetty.slice.
[    6.947448] systemd[1]: Reached target Remote File Systems.
[    6.954750] systemd[1]: Listening on udev Kernel Socket.
[    6.961856] systemd[1]: Listening on Journal Socket.
[    6.969564] systemd[1]: Starting Journal Service...
[    6.977388] systemd[1]: Starting Set console keymap...
[    6.990336] systemd[1]: Starting Load Kernel Modules...
[    6.998554] gpio tegra-gpio-aon wake30 for gpio=60(FF:4)
[    7.008113] systemd[1]: Starting Remount Root and Kernel File Systems...
[    7.017780] systemd[1]: Started Braille Device Support.
[    7.026334] systemd[1]: Starting Create list of required static device nodes for the current kernel...
[    7.038643] systemd[1]: Mounting Debug File System...
[    7.045881] systemd[1]: Started Forward Password Requests to Wall Directory Watch.
[    7.060998] systemd[1]: Mounted Debug File System.
[    7.067967] systemd[1]: Started Journal Service.
[    7.149182] systemd-journald[257]: Received request to flush runtime journal from PID 1
[    7.276870] random: nonblocking pool is initialized
[    7.363042] tegra-pcie 10003000.pcie-controller: 4x1, 1x1 configuration
[    7.363799] tegra-pcie 10003000.pcie-controller: PCIE: Enable power rails
[    7.364792] tegra-pcie 10003000.pcie-controller: probing port 0, using 4 lanes
[    7.367136] tegra-pcie 10003000.pcie-controller: probing port 2, using 1 lanes
[    7.420595] xhci-tegra 3530000.xhci: cannot find firmware....retry after 1 second
[    7.551766] dhd_module_init in
[    7.551796] tegra_net_perf_init: cannot get wifi sclk
[    7.551864] found wifi platform device bcmdhd_wlan
[    7.554739] gpio tegra-gpio-aon wake69 for gpio=59(FF:3)
[    7.554748] wifi_platform_get_country_code_map: could not get country_code_map
[    7.554749] wifi_plat_dev_drv_probe:platform country code map is not available
[    7.554761] Power-up adapter 'DHD generic adapter'
[    7.554798] wifi_platform_set_power = 1
[    7.756898] wifi_platform_bus_enumerate device present 1
[    7.785322] wifi_platform_bus_enumerate device present 0
[    7.806317] F1 signature read @0x18000000=0x17214354
[    7.820921] F1 signature OK, socitype:0x1 chip:0x4354 rev:0x1 pkg:0x2
[    7.821416] DHD: dongle ram size is set to 786432(orig 786432) at 0x180000
[    7.821500] wifi_platform_prealloc: failed to alloc static mem section 7
[    7.821507] wifi_platform_get_mac_addr
[    7.822143] CFG80211-ERROR) wl_setup_wiphy : Registering Vendor80211
[    7.834451] wl_create_event_handler(): thread:wl_event_handler:289 started
[    7.834515] CFG80211-ERROR) wl_event_handler : tsk Enter, tsk = 0xffffffc1e0ba1a70
[    7.844444] dhd_attach(): thread:dhd_watchdog_thread:292 started
[    7.851498] dhd_attach(): thread:dhd_dpc:29a started
[    7.852877] tegra-pcie 10003000.pcie-controller: link 0 down, retrying
[    7.861129] dhd_attach(): thread:dhd_rxf:29e started
[    7.861135] dhd_deferred_work_init: work queue initialized 
[    7.862051] Dongle Host Driver, version 1.201.82 (r)
               Compiled in drivers/net/wireless/bcmdhd on Nov 23 2017 at 12:50:18
[    7.862336] tegra_sysfs_register
[    7.862359] Register interface [wlan0]  MAC: 00:04:4b:8d:11:72

[    7.862362] dhd_prot_ioctl : bus is down. we have nothing to do
[    7.864925] sdhci-tegra 3440000.sdhci: Tuning already done, restoring the best tap value : 60
[    7.865967] wifi_platform_set_power = 0
[    8.270895] tegra-pcie 10003000.pcie-controller: link 0 down, retrying
[    8.430555] xhci-tegra 3530000.xhci: Firmware timestamp: 2017-03-31 06:21:56 UTC, Version: 55.07 release
[    8.443844] xhci-tegra 3530000.xhci: xHCI Host Controller
[    8.447364] gpio tegra-gpio wake18 for gpio=101(M:5)
[    8.449323] IPv6: ADDRCONF(NETDEV_UP): eth0: link is not ready
[    8.463542] xhci-tegra 3530000.xhci: new USB bus registered, assigned bus number 1
[    8.473101] xhci-tegra 3530000.xhci: hcc params 0x0184fd25 hci version 0x100 quirks 0x00010810
[    8.482895] xhci-tegra 3530000.xhci: irq 152, io mem 0x03530000
[    8.490010] usb usb1: New USB device found, idVendor=1d6b, idProduct=0002
[    8.497984] usb usb1: New USB device strings: Mfr=3, Product=2, SerialNumber=1
[    8.497987] usb usb1: Product: xHCI Host Controller
[    8.497989] usb usb1: Manufacturer: Linux 4.4.38 xhci-hcd
[    8.497993] usb usb1: SerialNumber: 3530000.xhci
[    8.498272] hub 1-0:1.0: USB hub found
[    8.498293] hub 1-0:1.0: 4 ports detected
[    8.513006] xhci-tegra 3530000.xhci: xHCI Host Controller
[    8.513013] xhci-tegra 3530000.xhci: new USB bus registered, assigned bus number 2
[    8.513157] usb usb2: New USB device found, idVendor=1d6b, idProduct=0003
[    8.513160] usb usb2: New USB device strings: Mfr=3, Product=2, SerialNumber=1
[    8.513161] usb usb2: Product: xHCI Host Controller
[    8.513163] usb usb2: Manufacturer: Linux 4.4.38 xhci-hcd
[    8.513165] usb usb2: SerialNumber: 3530000.xhci
[    8.513424] hub 2-0:1.0: USB hub found
[    8.513443] hub 2-0:1.0: 3 ports detected
[    8.515096] tegra-xotg xotg: otg: host 3530000.xhci registered
[    8.525084] extcon-gpio-states external-connection:extcon@1: Cable state 2
[    8.660542] IPv6: ADDRCONF(NETDEV_UP): wlan0: link is not ready
[    8.666604] 
               Dongle Host Driver, version 1.201.82 (r)
               Compiled in drivers/net/wireless/bcmdhd on Nov 23 2017 at 12:50:18
[    8.680262] wl_android_wifi_on in
[    8.682934] tegra-pcie 10003000.pcie-controller: link 0 down, retrying
[    8.684865] tegra-pcie 10003000.pcie-controller: link 0 down, ignoring
[    8.696656] wifi_platform_set_power = 1
[    8.808880] usb 1-2: new high-speed USB device number 2 using xhci-tegra
[    8.943451] usb 1-2: New USB device found, idVendor=05e3, idProduct=0610
[    8.950328] usb 1-2: New USB device strings: Mfr=1, Product=2, SerialNumber=0
[    8.952515] gk20a 17000000.gp10b: railgate is disabled.
[    8.962725] usb 1-2: Product: USB2.0 Hub
[    8.966665] usb 1-2: Manufacturer: GenesysLogic
[    8.969583] mmc1: queuing unknown CIS tuple 0x80 (5 bytes)
[    8.977260] xhci-tegra 3530000.xhci: tegra_xhci_mbox_work mailbox command 6
[    8.984554] hub 1-2:1.0: USB hub found
[    8.988623] hub 1-2:1.0: 4 ports detected
[    9.044786] sdhci-tegra 3440000.sdhci: Tuning already done, restoring the best tap value : 60
[    9.053998] F1 signature read @0x18000000=0x17214354
[    9.062358] F1 signature OK, socitype:0x1 chip:0x4354 rev:0x1 pkg:0x2
[    9.069327] DHD: dongle ram size is set to 786432(orig 786432) at 0x180000
[    9.098910] tegra-pcie 10003000.pcie-controller: link 2 down, retrying
[    9.134888] dhdsdio_write_vars: Download, Upload and compare of NVRAM succeeded.
[    9.184008] dhd_bus_init: enable 0x06, ready 0x06 (waited 0us)
[    9.190033] gpio tegra-gpio-aon wake69 for gpio=59(FF:3)
[    9.195393] gpio tegra-gpio-aon wake69 for gpio=59(FF:3)
[    9.200695] Enabling wake69
[    9.205907] wifi_platform_get_mac_addr
[    9.211344] Firmware up: op_mode=0x0005, MAC=00:04:4b:8d:11:72
[    9.222633] dhd_preinit_ioctls pspretend_threshold for HostAPD failed  -23
[    9.233832] Firmware version = wl0: May  4 2017 13:48:00 version 7.35.221.21 (r697384) FWID 01-58d9d0b3
[    9.245551] dhd_interworking_enable: failed to set WNM info, ret=-23
[    9.252137] tegra_sysfs_on
[    9.260874] usb 1-1: new low-speed USB device number 3 using xhci-tegra
[    9.326686] IPv6: ADDRCONF(NETDEV_UP): eth0: link is not ready
[    9.392890] CPU1: shutdown
[    9.395603] psci: CPU1 killed.
[    9.399623] usb 1-1: New USB device found, idVendor=1c4f, idProduct=0002
[    9.406623] usb 1-1: New USB device strings: Mfr=1, Product=2, SerialNumber=0
[    9.414046] usb 1-1: Product: USB Keyboard
[    9.418296] usb 1-1: Manufacturer: SIGMACHIP
[    9.422943] usb 1-1: ep 0x81 - rounding interval to 64 microframes, ep desc says 80 microframes
[    9.432544] CPU2: shutdown
[    9.433318] usb 1-1: ep 0x82 - rounding interval to 64 microframes, ep desc says 80 microframes
[    9.437095] input: SIGMACHIP USB Keyboard as /devices/3530000.xhci/usb1/1-1/1-1:1.0/0003:1C4F:0002.0001/input/input4
[    9.454538] psci: CPU2 killed.
[    9.476704] CFGP2P-ERROR) wl_cfgp2p_add_p2p_disc_if : 
[    9.476883] usb 1-2.1: new high-speed USB device number 4 using xhci-tegra
[    9.489388] P2P interface registered
[    9.493292] hid-generic 0003:1C4F:0002.0001: input,hidraw0: USB HID v1.10 Keyboard [SIGMACHIP USB Keyboard] on usb-3530000.xhci-1/input0
[    9.509105] input: SIGMACHIP USB Keyboard as /devices/3530000.xhci/usb1/1-1/1-1:1.1/0003:1C4F:0002.0002/input/input5
[    9.522900] WLC_E_IF: NO_IF set, event Ignored
[    9.523569] tegra-pcie 10003000.pcie-controller: link 2 down, retrying
[    9.579625] hid-generic 0003:1C4F:0002.0002: input,hidraw1: USB HID v1.10 Device [SIGMACHIP USB Keyboard] on usb-3530000.xhci-1/input1
[    9.802411] fuse init (API version 7.23)
[    9.857489] cfg80211: World regulatory domain updated:
[    9.862702] cfg80211:  DFS Master region: unset
[    9.867147] cfg80211:   (start_freq - end_freq @ bandwidth), (max_antenna_gain, max_eirp), (dfs_cac_time)
[    9.876933] cfg80211:   (2402000 KHz - 2472000 KHz @ 40000 KHz), (N/A, 2000 mBm), (N/A)
[    9.885005] cfg80211:   (2457000 KHz - 2482000 KHz @ 40000 KHz), (N/A, 2000 mBm), (N/A)
[    9.893024] cfg80211:   (2474000 KHz - 2494000 KHz @ 20000 KHz), (N/A, 2000 mBm), (N/A)
[    9.901042] cfg80211:   (5170000 KHz - 5250000 KHz @ 80000 KHz, 160000 KHz AUTO), (N/A, 2000 mBm), (N/A)
[    9.910531] cfg80211:   (5250000 KHz - 5330000 KHz @ 80000 KHz, 160000 KHz AUTO), (N/A, 2000 mBm), (0 s)
[    9.920029] cfg80211:   (5490000 KHz - 5730000 KHz @ 160000 KHz), (N/A, 2000 mBm), (0 s)
[    9.930876] cfg80211:   (5735000 KHz - 5835000 KHz @ 80000 KHz), (N/A, 2000 mBm), (N/A)
[    9.940934] cfg80211:   (57240000 KHz - 63720000 KHz @ 2160000 KHz), (N/A, 0 mBm), (N/A)
[   10.014968] tegra-pcie 10003000.pcie-controller: link 2 down, retrying
[   10.023529] tegra-pcie 10003000.pcie-controller: link 2 down, ignoring
[   10.030144] tegra-pcie 10003000.pcie-controller: PCIE: no end points detected
[   10.037604] tegra-pcie 10003000.pcie-controller: PCIE: Disable power rails
[   10.686762] usb 1-2.1: New USB device found, idVendor=046d, idProduct=082d
[   10.693642] usb 1-2.1: New USB device strings: Mfr=0, Product=2, SerialNumber=1
[   10.700959] usb 1-2.1: Product: HD Pro Webcam C920
[   10.705844] usb 1-2.1: SerialNumber: 2D4397AF
[   10.780878] usb 1-2.3: new high-speed USB device number 5 using xhci-tegra
[   11.607141] eqos 2490000.ether_qos eth0: Link is Up - 1Gbps/Full - flow control rx/tx
[   11.621036] IPv6: ADDRCONF(NETDEV_CHANGE): eth0: link becomes ready
[   11.808120] xhci-tegra 3530000.xhci: tegra_xhci_mbox_work mailbox command 5
[   11.815132] xhci-tegra 3530000.xhci: tegra_xhci_mbox_work ignore firmware MBOX_CMD_DEC_SSPI_CLOCK request
[   11.842861] xhci-tegra 3530000.xhci: tegra_xhci_mbox_work mailbox command 4
[   11.849860] xhci-tegra 3530000.xhci: tegra_xhci_mbox_work ignore firmware MBOX_CMD_INC_SSPI_CLOCK request
[   11.982895] usb 1-2.3: New USB device found, idVendor=046d, idProduct=082d
[   11.989823] usb 1-2.3: New USB device strings: Mfr=0, Product=2, SerialNumber=1
[   11.997189] usb 1-2.3: Product: HD Pro Webcam C920
[   12.002031] usb 1-2.3: SerialNumber: BE4FDB7F
[   12.080975] usb 1-2.4: new high-speed USB device number 6 using xhci-tegra
[   12.208055] usb 1-2.4: New USB device found, idVendor=2833, idProduct=2021
[   12.215011] usb 1-2.4: New USB device strings: Mfr=10, Product=11, SerialNumber=12
[   12.222720] usb 1-2.4: Product: Rift DK2
[   12.226728] usb 1-2.4: Manufacturer: Oculus VR, Inc.
[   12.231777] usb 1-2.4: SerialNumber: AR6K9DAKN00Q100
[   12.238354] hub 1-2.4:1.0: USB hub found
[   12.243949] hub 1-2.4:1.0: 1 port detected
[   12.298606] uvcvideo: Found UVC 1.00 device HD Pro Webcam C920 (046d:082d)
[   12.306403] input: HD Pro Webcam C920 as /devices/3530000.xhci/usb1/1-2/1-2.1/1-2.1:1.0/input/input6
[   12.315821] uvcvideo: Found UVC 1.00 device HD Pro Webcam C920 (046d:082d)
[   12.375043] input: HD Pro Webcam C920 as /devices/3530000.xhci/usb1/1-2/1-2.3/1-2.3:1.0/input/input7
[   12.384426] usbcore: registered new interface driver uvcvideo
[   12.390200] USB Video Class driver (1.1.1)
[   12.520933] usb 1-2.4.1: new full-speed USB device number 7 using xhci-tegra
[   12.620145] usb 1-2.4.1: New USB device found, idVendor=2833, idProduct=0021
[   12.627265] usb 1-2.4.1: New USB device strings: Mfr=1, Product=2, SerialNumber=3
[   12.634919] usb 1-2.4.1: Product: Rift DK2
[   12.639116] usb 1-2.4.1: Manufacturer: Oculus VR, Inc.
[   12.644350] usb 1-2.4.1: SerialNumber: MSCEMAR6K9DAKN00Q100
[   12.680714] usbcore: registered new interface driver snd-usb-audio
[   12.703284] hid-generic 0003:2833:0021.0003: hidraw2: USB HID v1.10 Device [Oculus VR, Inc. Rift DK2] on usb-3530000.xhci-2.4.1/input0
[   13.017193] tegradc 15210000.nvdisplay: hdmi: plugged
[   13.061149] PD DISP0 index2 UP
[   13.061890] PD DISP1 index3 UP
[   13.062050] PD DISP2 index4 UP
[   13.062816] Parent Clock set for DC plld2
[   13.066033] tegradc 15210000.nvdisplay: hdmi: pclk:74250K, set prod-setting:prod_c_75M
[   89.255220] xhci-tegra 3530000.xhci: tegra_xhci_mbox_work mailbox command 5
[   89.262329] xhci-tegra 3530000.xhci: tegra_xhci_mbox_work ignore firmware MBOX_CMD_DEC_SSPI_CLOCK request
[   89.272189] xhci-tegra 3530000.xhci: tegra_xhci_mbox_work mailbox command 4
[   89.279359] xhci-tegra 3530000.xhci: tegra_xhci_mbox_work ignore firmware MBOX_CMD_INC_SSPI_CLOCK request
